ACTIVE1,ROWLANDS PHARMACY,61 ARUNDEL AVENUE,HAZEL GROVE,STOCKPORT,,,SK7 5LD,0161 4838729,51.000000,1.000000
ACTIVE2,BOOTS UK LIMITED,49-51 THE MERRION CENTRE,LEEDS,WEST YORKSHIRE,,,LS2 8PJ,0113 2428194,52.000000,2.000000
ACTIVE3,HEADCORN PHARMACY,HEADCORN SURGERY,GRIGG LANE HEADCORN,ASHFORD,KENT,,TN27 9AA,01622 890758,53.000000,3.000000