FA512,Lords Pharmacy,,Unit 61 The Guineas Shopping Centre,,Newmarket,CB8 8EQ,01638 428022,,52.244796752929688,0.4055977463722229
FAP38,LloydsPharmacy Inside Sainsbury's,Church Street,Carlisle,,,CA2 5TF,01228533915,lp5045@lloydspharmacy.co.uk,54.894672393798828,-2.9472866058349609
FC826,Rutland Late Night Pharmacy,,45c High Street,,Oakham,LE15 6AJ,01572 723368,info@rutland-pharmacy.com,52.670024871826172,-0.7302858829498291
FD294,Cohens Chemist,33 Hill Street,,,Hinckley,LE10 1DS,01455613100,branch.732@mycohens.net,52.541034698486328,-1.3677382469177246